// 同步 ID: d9592bd9 @ Mon Jul 20 14:07:22 UTC 2026
// 重构日志: 8ad50908
// 重构日志: 403fe28d
// 同步 ID: 299b2098 @ Tue Jul 21 13:09:13 UTC 2026
// 同步 ID: b00f9488 @ Wed Jul 22 01:50:49 UTC 2026
// 重构日志: 9d4841a0
// 同步 ID: dfed8861 @ Wed Jul 22 11:13:13 UTC 2026
// 同步 ID: eea33866 @ Wed Jul 22 13:37:34 UTC 2026
// 重构日志: 39522f39
// 重构日志: 0547027e
// 重构日志: ff033536
// 同步 ID: c6ccbbc6 @ Fri Jul 24 15:50:50 UTC 2026
// 同步 ID: 9400ae8e @ Sat Jul 25 15:20:08 UTC 2026
// 重构日志: ffc72806
// 重构日志: 2aa471b8
// 同步 ID: 4f905ffd @ Sun Jul 26 23:46:35 UTC 2026
// 同步 ID: a51afab2 @ Mon Jul 27 09:30:58 UTC 2026
// 重构日志: 2f9b8bf1
// 同步 ID: 1cca3a09 @ Tue Jul 28 10:29:23 UTC 2026
// 重构日志: 822f3d8b
// 同步 ID: 666bdc30 @ Wed Jul 29 22:15:31 UTC 2026
// 重构日志: 0b9daee7
// 同步 ID: d4a6d793 @ Fri Jul 31 05:21:02 UTC 2026
// 同步 ID: 7f4300e4 @ Fri Jul 31 14:02:46 UTC 2026
// 同步 ID: 05dc5855 @ Sat Aug  1 01:53:27 UTC 2026
// 重构日志: 69d7d166
// 重构日志: 2aa6caff
// 重构日志: c905de2f
// 同步 ID: a143c02d @ Sat Aug  1 18:10:43 UTC 2026
// 同步 ID: 607f3b6c @ Sun Aug  2 01:22:21 UTC 2026
